SQL> SET ECHO ON
SQL> 
SQL> SELECT S1.sid, S1.sname, S2.sid, S2.sname
  2  FROM
  3  Sailors S1, Sailors S2, Reservations R1, Reservations R2
  4  WHERE S1.sid = R1.sid AND
  5  S2.sid = R2.sid AND
  6  R1.forDate = R2.forDate AND
  7  S1.sid < S2.sid;

       SID SNAME                  SID SNAME                                     
---------- --------------- ---------- ---------------                           
        22 Dave                    58 Jim                                       

SQL> 
SQL> 
SQL> SELECT S.sid, S.sname, COUNT(*)
  2  FROM Reservations R, Sailors S
  3  WHERE S.sid = R.sid AND
  4  S.rating > 2;
SELECT S.sid, S.sname, COUNT(*)
       *
ERROR at line 1:
ORA-00937: not a single-group group function 


SQL> 
SQL> --GROUP BY S.sid, S.sname;
SQL> exit
